// Jest Snapshot v1, https://goo.gl/fbAQLP

exports[`Component: Footer should match its empty snapshot 1`] = `
<footer
  className={undefined}
>
  Â© All Rights Reserved.
</footer>
`;
